// Jest Snapshot v1, https://goo.gl/fbAQLP

exports[`UserNotFound Component renders render without props  1`] = `ShallowWrapper {}`;
