// Jest Snapshot v1, https://goo.gl/fbAQLP

exports[`Search Screen renders render with props  1`] = `ShallowWrapper {}`;
