// Jest Snapshot v1, https://goo.gl/fbAQLP

exports[`Logo Component renders render without props  1`] = `ShallowWrapper {}`;
