// Jest Snapshot v1, https://goo.gl/fbAQLP

exports[`Profile Component renders renders with props 1`] = `ShallowWrapper {}`;
